npm warn deprecated whatwg-encoding@3.1.1: Use @exodus/bytes instead for a more spec-conformant and faster implementation

(!) Some chunks are larger than 500 kB after minification. Consider:
- Using dynamic import() to code-split the application
- Use build.rollupOptions.output.manualChunks to improve chunking: https://rollupjs.org/configuration-options/#output-manualchunks
- Adjust chunk size limit for this warning via build.chunkSizeWarningLimit.
2026/09/01 10:47:30 OK   00001_schema.sql (886.75µs)
2026/09/01 10:47:30 OK   00002_settings.sql (171.38µs)
2026/09/01 10:47:30 OK   00003_reply_card.sql (259.54µs)
2026/09/01 10:47:30 OK   00004_tasks.sql (935.21µs)
2026/09/01 10:47:30 OK   00005_task_closeout.sql (288.25µs)
2026/09/01 10:47:30 OK   00006_last_op_reason.sql (294.5µs)
2026/09/01 10:47:30 OK   00007_webhook.sql (296.46µs)
2026/09/01 10:47:30 OK   00008_task_manual_display_name.sql (316.88µs)
2026/09/01 10:47:30 OK   00009_task_creator.sql (432.04µs)
2026/09/01 10:47:30 OK   00010_task_manual_iskey_required.sql (189.08µs)
2026/09/01 10:47:30 OK   00011_task_duplicated.sql (1.24ms)
2026/09/01 10:47:30 OK   00012_webhook_platform.sql (562.08µs)
2026/09/01 10:47:30 OK   00013_reply_card_expired.sql (922.88µs)
2026/09/01 10:47:30 OK   00014_webhook_observability.sql (1.12ms)
2026/09/01 10:47:30 OK   00015_reply_card_attachments.sql (415.88µs)
2026/09/01 10:47:30 OK   00016_step_superseded.sql (969.92µs)
2026/09/01 10:47:30 OK   00017_worker_spawn_observability.sql (1.67ms)
2026/09/01 10:47:30 OK   00018_worker_desired_machine.sql (481.17µs)
2026/09/01 10:47:30 OK   00019_worker_refocus_since.sql (422.5µs)
2026/09/01 10:47:30 OK   00020_worker_desired_state.sql (383.5µs)
2026/09/01 10:47:30 OK   00021_worker_banked_cost.sql (351.46µs)
2026/09/01 10:47:30 OK   00022_task_artifact.sql (279.67µs)
2026/09/01 10:47:30 OK   00023_task_reassigned_from.sql (461.17µs)
2026/09/01 10:47:30 OK   00024_member_kind_outsource_and_linked_task.sql (1.02ms)
2026/09/01 10:47:30 OK   00025_outsource_worker_fold_into_member.sql (1.19ms)
2026/09/01 10:47:30 OK   00026_outsource_delegation_policy.sql (284.08µs)
2026/09/01 10:47:30 OK   00028_task_lock_and_step_waiting_reason.sql (611.63µs)
2026/09/01 10:47:30 OK   00029_task_outsource_target.sql (772.96µs)
2026/09/01 10:47:30 OK   00030_drop_outsource_delegation_policy.sql (184.04µs)
2026/09/01 10:47:30 OK   00031_task_handoff.sql (716.63µs)
2026/09/01 10:47:30 OK   00032_agent_runtime.sql (528.54µs)
2026/09/01 10:47:30 OK   00033_web_push.sql (221.88µs)
2026/09/01 10:47:30 OK   00034_warden_command_queue.sql (184.96µs)
2026/09/01 10:47:30 OK   00035_normalize_auto_machine_placement.sql (128.58µs)
2026/09/01 10:47:30 OK   00036_task_outsource_dispatched.sql (305.83µs)
2026/09/01 10:47:30 OK   00037_task_frozen_by.sql (334.29µs)
2026/09/01 10:47:30 OK   00039_member_last_machine_id.sql (325.38µs)
2026/09/01 10:47:30 OK   00040_member_avatar.sql (337.46µs)
2026/09/01 10:47:30 OK   00041_task_handover_notes.sql (782.29µs)
2026/09/01 10:47:30 OK   00042_member_actual_model.sql (327.29µs)
2026/09/01 10:47:30 OK   00043_document_history.sql (197.17µs)
2026/09/01 10:47:30 OK   00044_member_reported_launch_facts.sql (789.67µs)
2026/09/01 10:47:30 OK   00045_drop_legacy_task_manual_history.sql (115µs)
2026/09/01 10:47:30 OK   00046_task_step_note.sql (484.79µs)
2026/09/01 10:47:30 OK   00047_role_insight.sql (168.17µs)
2026/09/01 10:47:30 OK   00048_doc_cap_chars_per_segment.sql (104.21µs)
2026/09/01 10:47:30 OK   00049_doc_cap_chars_manual_split.sql (128.92µs)
2026/09/01 10:47:30 OK   00050_scheduled_message.sql (281.63µs)
2026/09/01 10:47:30 OK   00051_member_session_boot_ts.sql (377.46µs)
2026/09/01 10:47:30 OK   00052_scheduled_message_custom_cadence.sql (1.2ms)
2026/09/01 10:47:30 OK   00053_scheduled_message_custom_months.sql (374.58µs)
2026/09/01 10:47:30 OK   00054_reaim_custom_cursors.go (134.67µs)
2026/09/01 10:47:30 OK   00055_boot_document.sql (170.46µs)
2026/09/01 10:47:30 OK   00056_task_kickoff_notified.sql (373.5µs)
2026/09/01 10:47:30 OK   00057_member_forced_stop_at.sql (460.83µs)
2026/09/01 10:47:30 OK   00058_member_handover_noticed_ts.sql (377.67µs)
2026/09/01 10:47:30 OK   00059_custom_theme_table.go (178.92µs)
2026/09/01 10:47:30 OK   00060_task_id_sequence.sql (182.42µs)
2026/09/01 10:47:30 OK   00061_drop_non_general_lessons.sql (118.29µs)
2026/09/01 10:47:30 OK   00062_drop_lessons_task_type.sql (1.14ms)
2026/09/01 10:47:30 OK   00063_member_agent_iat_floor.sql (483.08µs)
2026/09/01 10:47:30 OK   00065_reply_card_multi_select.sql (1.35ms)
2026/09/01 10:47:30 goose: successfully migrated database to version: 65
2026/09/01 10:47:30 goose: no migrations to run. current version: 65
