npm warn deprecated whatwg-encoding@3.1.1: Use @exodus/bytes instead for a more spec-conformant and faster implementation

(!) Some chunks are larger than 500 kB after minification. Consider:
- Using dynamic import() to code-split the application
- Use build.rollupOptions.output.manualChunks to improve chunking: https://rollupjs.org/configuration-options/#output-manualchunks
- Adjust chunk size limit for this warning via build.chunkSizeWarningLimit.
2026/09/01 10:47:31 OK   00001_schema.sql (667.46µs)
2026/09/01 10:47:31 OK   00002_settings.sql (124.92µs)
2026/09/01 10:47:31 OK   00003_reply_card.sql (185.13µs)
2026/09/01 10:47:31 OK   00004_tasks.sql (789.13µs)
2026/09/01 10:47:31 OK   00005_task_closeout.sql (222.54µs)
2026/09/01 10:47:31 OK   00006_last_op_reason.sql (210.71µs)
2026/09/01 10:47:31 OK   00007_webhook.sql (201.33µs)
2026/09/01 10:47:31 OK   00008_task_manual_display_name.sql (214.71µs)
2026/09/01 10:47:31 OK   00009_task_creator.sql (210.29µs)
2026/09/01 10:47:31 OK   00010_task_manual_iskey_required.sql (131.42µs)
2026/09/01 10:47:31 OK   00011_task_duplicated.sql (749.25µs)
2026/09/01 10:47:31 OK   00012_webhook_platform.sql (401.38µs)
2026/09/01 10:47:31 OK   00013_reply_card_expired.sql (832.21µs)
2026/09/01 10:47:31 OK   00014_webhook_observability.sql (734.5µs)
2026/09/01 10:47:31 OK   00015_reply_card_attachments.sql (229.38µs)
2026/09/01 10:47:31 OK   00016_step_superseded.sql (740.79µs)
2026/09/01 10:47:31 OK   00017_worker_spawn_observability.sql (1.38ms)
2026/09/01 10:47:31 OK   00018_worker_desired_machine.sql (219.29µs)
2026/09/01 10:47:31 OK   00019_worker_refocus_since.sql (226.33µs)
2026/09/01 10:47:31 OK   00020_worker_desired_state.sql (337.67µs)
2026/09/01 10:47:31 OK   00021_worker_banked_cost.sql (308.08µs)
2026/09/01 10:47:31 OK   00022_task_artifact.sql (191.46µs)
2026/09/01 10:47:31 OK   00023_task_reassigned_from.sql (417.96µs)
2026/09/01 10:47:31 OK   00024_member_kind_outsource_and_linked_task.sql (796.75µs)
2026/09/01 10:47:31 OK   00025_outsource_worker_fold_into_member.sql (927.92µs)
2026/09/01 10:47:31 OK   00026_outsource_delegation_policy.sql (185.63µs)
2026/09/01 10:47:31 OK   00028_task_lock_and_step_waiting_reason.sql (444.63µs)
2026/09/01 10:47:31 OK   00029_task_outsource_target.sql (634.63µs)
2026/09/01 10:47:31 OK   00030_drop_outsource_delegation_policy.sql (159.88µs)
2026/09/01 10:47:31 OK   00031_task_handoff.sql (598.71µs)
2026/09/01 10:47:31 OK   00032_agent_runtime.sql (401.67µs)
2026/09/01 10:47:31 OK   00033_web_push.sql (153.5µs)
2026/09/01 10:47:31 OK   00034_warden_command_queue.sql (153.08µs)
2026/09/01 10:47:31 OK   00035_normalize_auto_machine_placement.sql (95.79µs)
2026/09/01 10:47:31 OK   00036_task_outsource_dispatched.sql (276µs)
2026/09/01 10:47:31 OK   00037_task_frozen_by.sql (259.58µs)
2026/09/01 10:47:31 OK   00039_member_last_machine_id.sql (251.17µs)
2026/09/01 10:47:31 OK   00040_member_avatar.sql (250.42µs)
2026/09/01 10:47:31 OK   00041_task_handover_notes.sql (577.42µs)
2026/09/01 10:47:31 OK   00042_member_actual_model.sql (254.88µs)
2026/09/01 10:47:31 OK   00043_document_history.sql (152.46µs)
2026/09/01 10:47:31 OK   00044_member_reported_launch_facts.sql (596.58µs)
2026/09/01 10:47:31 OK   00045_drop_legacy_task_manual_history.sql (79.13µs)
2026/09/01 10:47:31 OK   00046_task_step_note.sql (260.92µs)
2026/09/01 10:47:31 OK   00047_role_insight.sql (128.29µs)
2026/09/01 10:47:31 OK   00048_doc_cap_chars_per_segment.sql (80.63µs)
2026/09/01 10:47:31 OK   00049_doc_cap_chars_manual_split.sql (96.88µs)
2026/09/01 10:47:31 OK   00050_scheduled_message.sql (208.08µs)
2026/09/01 10:47:31 OK   00051_member_session_boot_ts.sql (291.54µs)
2026/09/01 10:47:31 OK   00052_scheduled_message_custom_cadence.sql (910.04µs)
2026/09/01 10:47:31 OK   00053_scheduled_message_custom_months.sql (302.33µs)
2026/09/01 10:47:31 OK   00054_reaim_custom_cursors.go (1.31ms)
2026/09/01 10:47:31 OK   00055_boot_document.sql (140.58µs)
2026/09/01 10:47:31 OK   00056_task_kickoff_notified.sql (384.58µs)
2026/09/01 10:47:31 OK   00057_member_forced_stop_at.sql (296.63µs)
2026/09/01 10:47:31 OK   00058_member_handover_noticed_ts.sql (299.96µs)
2026/09/01 10:47:31 OK   00059_custom_theme_table.go (140.33µs)
2026/09/01 10:47:31 OK   00060_task_id_sequence.sql (136.79µs)
2026/09/01 10:47:31 OK   00061_drop_non_general_lessons.sql (92.71µs)
2026/09/01 10:47:31 OK   00062_drop_lessons_task_type.sql (875.83µs)
2026/09/01 10:47:31 OK   00063_member_agent_iat_floor.sql (310.71µs)
2026/09/01 10:47:31 OK   00065_reply_card_multi_select.sql (978.92µs)
2026/09/01 10:47:31 goose: successfully migrated database to version: 65
2026/09/01 10:47:31 goose: no migrations to run. current version: 65
